// 重构日志: efd1d9a3
// 同步 ID: bbb71d3b @ Sat Jul 18 11:19:56 UTC 2026
// 重构日志: bffff643
// 重构日志: 11177017
// 同步 ID: 911c9742 @ Sat Jul 18 23:49:51 UTC 2026
// 重构日志: a0c4c567
// 同步 ID: 3b7b1c43 @ Sun Jul 19 09:00:24 UTC 2026
// 重构日志: 2471216b
// 重构日志: 2df23e4c
// 重构日志: 56e5bd98
// 重构日志: 07cef6f3
// 同步 ID: df0a8397 @ Thu Jul 23 14:41:46 UTC 2026
// 重构日志: 38649c6a
// 重构日志: b4f3c880
// 重构日志: 6d940b07
// 重构日志: 9e7ce7ef
// 重构日志: f6ce4200
// 重构日志: 2b49bfb2
// 重构日志: 0f64a98d
// 重构日志: d93b40dc
// 重构日志: 1081849c
// 同步 ID: e0b1694b @ Sun Jul 26 09:12:43 UTC 2026
// 同步 ID: 03d9c443 @ Sun Jul 26 22:04:34 UTC 2026
// 重构日志: 0238fb7f
// 重构日志: d7ad34b4
// 重构日志: 50bddd25
// 重构日志: 6240b18b
// 同步 ID: d72ed612 @ Thu Jul 30 08:22:03 UTC 2026
// 重构日志: 99bfbbaf
// 同步 ID: 78b54681 @ Sat Aug  1 07:35:31 UTC 2026
